2026-07-22 19:47:21 [[32minfo[39m]: [32m[42mConnected to mongoDB...[49m[39m 
2026-07-22 19:47:27 [[32minfo[39m]: [32mConnected to mongoDB...[39m 
2026-07-22 19:48:01 [[32minfo[39m]: [32mConnected to mongoDB...[39m 
2026-07-22 19:48:46 [[32minfo[39m]: [32mServer is running on port 8001[39m 
2026-07-22 19:48:46 [[32minfo[39m]: [32mConnected to mongoDB...[39m 
2026-07-22 19:54:47 [[32minfo[39m]: [32mServer is running on port 8001[39m 
2026-07-22 19:54:47 [[32minfo[39m]: [32mConnected to mongoDB...[39m 
2026-07-22 19:54:50 [[32minfo[39m]: [32mServer is running on port 8001[39m 
2026-07-22 19:54:50 [[32minfo[39m]: [32mConnected to mongoDB...[39m 
2026-07-23 09:02:25 [[32minfo[39m]: [32mServer is running on port 8001[39m 
2026-07-23 09:02:25 [[32minfo[39m]: [32mConnected to mongoDB...[39m 
2026-07-23 09:09:01 [[32minfo[39m]: [32mServer is running on port 8001[39m 
2026-07-23 09:09:01 [[32minfo[39m]: [32mConnected to mongoDB...[39m 
2026-07-23 09:10:00 [[32minfo[39m]: [32mServer is running on port 8001[39m 
2026-07-23 09:10:00 [[32minfo[39m]: [32mConnected to mongoDB...[39m 
2026-07-23 09:26:46 [[32minfo[39m]: [32mServer is running on port 8001[39m 
2026-07-23 09:26:46 [[32minfo[39m]: [32mConnected to mongoDB...[39m 
2026-07-23 09:28:08 [[32minfo[39m]: [32mServer is running on port 8001[39m 
2026-07-23 09:28:08 [[32minfo[39m]: [32mConnected to mongoDB...[39m 
2026-07-23 09:40:33 [[32minfo[39m]: [32mServer is running on port 8001[39m 
2026-07-23 09:40:33 [[32minfo[39m]: [32mConnected to mongoDB...[39m 
2026-07-23 09:40:38 [[32minfo[39m]: [32mServer is running on port 8001[39m 
2026-07-23 09:40:38 [[32minfo[39m]: [32mConnected to mongoDB...[39m 
2026-07-23 09:41:08 [[32minfo[39m]: [32mServer is running on port 8001[39m 
2026-07-23 09:41:08 [[32minfo[39m]: [32mConnected to mongoDB...[39m 
2026-07-23 09:41:32 [[32minfo[39m]: [32mServer is running on port 8001[39m 
2026-07-23 09:41:32 [[32minfo[39m]: [32mConnected to mongoDB...[39m 
2026-07-23 09:48:25 [[32minfo[39m]: [32mServer is running on port 8001[39m 
2026-07-23 09:48:25 [[32minfo[39m]: [32mConnected to mongoDB...[39m 
2026-07-23 09:51:37 [[32minfo[39m]: [32mServer is running on port 8001[39m 
2026-07-23 09:51:37 [[32minfo[39m]: [32mConnected to mongoDB...[39m 
2026-07-23 09:51:52 [[32minfo[39m]: [32mServer is running on port 8001[39m 
2026-07-23 09:51:52 [[32minfo[39m]: [32mConnected to mongoDB...[39m 
2026-07-23 09:55:12 [[32minfo[39m]: [32mServer is running on port 8001[39m 
2026-07-23 09:55:12 [[32minfo[39m]: [32mConnected to mongoDB...[39m 
2026-07-23 10:01:10 [[32minfo[39m]: [32mServer is running on port 8001[39m 
2026-07-23 10:01:10 [[32minfo[39m]: [32mConnected to mongoDB...[39m 
2026-07-23 10:01:46 [[32minfo[39m]: [32mServer is running on port 8001[39m 
2026-07-23 10:01:46 [[32minfo[39m]: [32mConnected to mongoDB...[39m 
2026-07-23 10:04:55 [[32minfo[39m]: [32mServer is running on port 8001[39m 
2026-07-23 10:04:55 [[32minfo[39m]: [32mConnected to mongoDB...[39m 
2026-07-23 10:11:27 [[32minfo[39m]: [32mServer is running on port 8001[39m 
2026-07-23 10:11:27 [[32minfo[39m]: [32mConnected to mongoDB...[39m 
2026-07-23 10:12:06 [[32minfo[39m]: [32mServer is running on port 8001[39m 
2026-07-23 10:12:06 [[32minfo[39m]: [32mConnected to mongoDB...[39m 
2026-07-23 10:12:27 [[32minfo[39m]: [32mServer is running on port 8001[39m 
2026-07-23 10:12:27 [[32minfo[39m]: [32mConnected to mongoDB...[39m 
2026-07-23 10:14:36 [[32minfo[39m]: [32mServer is running on port 8001[39m 
2026-07-23 10:14:36 [[32minfo[39m]: [32mConnected to mongoDB...[39m 
2026-07-23 10:14:46 [[32minfo[39m]: [32mServer is running on port 8001[39m 
2026-07-23 10:14:46 [[32minfo[39m]: [32mConnected to mongoDB...[39m 
2026-07-23 10:30:33 [[32minfo[39m]: [32mServer is running on port 8001[39m 
2026-07-23 10:30:33 [[32minfo[39m]: [32mConnected to mongoDB...[39m 
2026-07-23 10:33:06 [[32minfo[39m]: [32mServer is running on port 8001[39m 
2026-07-23 10:33:06 [[32minfo[39m]: [32mConnected to mongoDB...[39m 
2026-07-23 10:38:03 [[32minfo[39m]: [32mServer is running on port 8001[39m 
2026-07-23 10:38:03 [[32minfo[39m]: [32mConnected to mongoDB...[39m 
2026-07-23 10:38:26 [[32minfo[39m]: [32mServer is running on port 8001[39m 
2026-07-23 10:38:26 [[32minfo[39m]: [32mConnected to mongoDB...[39m 
2026-07-23 10:39:09 [[32minfo[39m]: [32mServer is running on port 8001[39m 
2026-07-23 10:39:09 [[32minfo[39m]: [32mConnected to mongoDB...[39m 
2026-07-23 10:39:42 [[32minfo[39m]: [32mServer is running on port 8001[39m 
2026-07-23 10:39:42 [[32minfo[39m]: [32mConnected to mongoDB...[39m 
2026-07-23 10:43:40 [[32minfo[39m]: [32mServer is running on port 8001[39m 
2026-07-23 10:43:40 [[32minfo[39m]: [32mConnected to mongoDB...[39m 
2026-07-23 10:50:32 [[32minfo[39m]: [32mServer is running on port 8001[39m 
2026-07-23 10:50:32 [[32minfo[39m]: [32mConnected to mongoDB...[39m 
2026-07-23 10:53:34 [[32minfo[39m]: [32mServer is running on port 8001[39m 
2026-07-23 10:53:34 [[32minfo[39m]: [32mConnected to mongoDB...[39m 
2026-07-23 11:33:38 [[32minfo[39m]: [32mServer is running on port 8001[39m 
2026-07-23 11:33:38 [[32minfo[39m]: [32mConnected to mongoDB...[39m 
2026-07-23 11:44:07 [[32minfo[39m]: [32mServer is running on port 8001[39m 
2026-07-23 11:44:08 [[32minfo[39m]: [32mConnected to mongoDB...[39m 
2026-07-23 11:46:44 [[32minfo[39m]: [32mServer is running on port 8001[39m 
2026-07-23 11:46:44 [[32minfo[39m]: [32mConnected to mongoDB...[39m 
2026-07-23 11:49:41 [[32minfo[39m]: [32mServer is running on port 8001[39m 
2026-07-23 11:49:41 [[32minfo[39m]: [32mConnected to mongoDB...[39m 
2026-07-23 13:52:19 [[32minfo[39m]: [32mServer is running on port 8001[39m 
2026-07-23 13:52:19 [[32minfo[39m]: [32mConnected to mongoDB...[39m 
2026-07-23 13:57:51 [[32minfo[39m]: [32mServer is running on port 8001[39m 
2026-07-23 13:57:51 [[32minfo[39m]: [32mConnected to mongoDB...[39m 
2026-07-23 14:48:40 [[32minfo[39m]: [32mServer is running on port 8001[39m 
2026-07-23 14:48:40 [[32minfo[39m]: [32mConnected to mongoDB...[39m 
2026-07-23 14:51:30 [[32minfo[39m]: [32mServer is running on port 8001[39m 
2026-07-23 14:51:30 [[32minfo[39m]: [32mConnected to mongoDB...[39m 
2026-07-23 14:52:19 [[32minfo[39m]: [32mServer is running on port 8001[39m 
2026-07-23 14:52:19 [[32minfo[39m]: [32mConnected to mongoDB...[39m 
2026-07-23 22:22:29 [[32minfo[39m]: [32mServer is running on port 8001[39m 
2026-07-23 22:22:29 [[32minfo[39m]: [32mConnected to mongoDB...[39m 
2026-07-24 08:52:16 [[32minfo[39m]: [32mServer is running on port 8001[39m 
2026-07-24 08:52:16 [[32minfo[39m]: [32mConnected to mongoDB...[39m 
2026-07-24 11:18:56 [[32minfo[39m]: [32mServer is running on port 8001[39m 
2026-07-24 11:18:56 [[32minfo[39m]: [32mConnected to mongoDB...[39m 
2026-07-24 11:19:12 [[32minfo[39m]: [32mServer is running on port 8001[39m 
2026-07-24 11:19:12 [[32minfo[39m]: [32mConnected to mongoDB...[39m 
2026-07-24 11:29:12 [[32minfo[39m]: [32mServer is running on port 8001[39m 
2026-07-24 11:29:12 [[32minfo[39m]: [32mConnected to mongoDB...[39m 
2026-07-24 11:29:30 [[32minfo[39m]: [32mServer is running on port 8001[39m 
2026-07-24 11:29:30 [[32minfo[39m]: [32mConnected to mongoDB...[39m 
2026-07-24 12:56:29 [[32minfo[39m]: [32mServer is running on port 8001[39m 
2026-07-24 12:56:29 [[32minfo[39m]: [32mConnected to mongoDB...[39m 
2026-07-24 16:14:53 [[32minfo[39m]: [32mServer is running on port 8001[39m 
2026-07-24 16:14:54 [[32minfo[39m]: [32mConnected to mongoDB...[39m 
2026-07-24 21:34:05 [[32minfo[39m]: [32mServer is running on port 8001[39m 
2026-07-24 21:34:05 [[32minfo[39m]: [32mConnected to mongoDB...[39m 
2026-07-24 21:34:15 [[32minfo[39m]: [32mServer is running on port 8001[39m 
2026-07-24 21:34:15 [[32minfo[39m]: [32mConnected to mongoDB...[39m 
2026-07-24 21:35:34 [[32minfo[39m]: [32mServer is running on port 8001[39m 
2026-07-24 21:35:34 [[32minfo[39m]: [32mConnected to mongoDB...[39m 
2026-07-24 21:36:12 [[32minfo[39m]: [32mServer is running on port 8001[39m 
2026-07-24 21:36:12 [[32minfo[39m]: [32mConnected to mongoDB...[39m 
2026-07-24 21:47:28 [[32minfo[39m]: [32mServer is running on port 8001[39m 
2026-07-24 21:47:28 [[32minfo[39m]: [32mConnected to mongoDB...[39m 
2026-07-24 22:49:23 [[32minfo[39m]: [32mServer is running on port 8001[39m 
2026-07-24 22:49:23 [[32minfo[39m]: [32mConnected to mongoDB...[39m 
2026-07-25 00:06:16 [[32minfo[39m]: [32mServer is running on port 8001[39m 
2026-07-25 00:06:16 [[32minfo[39m]: [32mConnected to mongoDB...[39m 
2026-07-25 09:21:52 [[32minfo[39m]: [32mServer is running on port 8001[39m 
2026-07-25 09:21:52 [[32minfo[39m]: [32mConnected to mongoDB...[39m 
2026-07-25 21:02:03 [[32minfo[39m]: [32mServer is running on port 8001[39m 
2026-07-25 21:02:03 [[32minfo[39m]: [32mConnected to mongoDB...[39m 
2026-07-25 21:13:27 [[32minfo[39m]: [32mServer is running on port 8001[39m 
2026-07-25 21:13:27 [[32minfo[39m]: [32mConnected to mongoDB...[39m 
2026-07-25 21:21:00 [[32minfo[39m]: [32mServer is running on port 8001[39m 
2026-07-25 21:21:00 [[32minfo[39m]: [32mConnected to mongoDB...[39m 
2026-07-25 21:21:08 [[32minfo[39m]: [32mServer is running on port 8001[39m 
2026-07-25 21:21:08 [[32minfo[39m]: [32mConnected to mongoDB...[39m 
2026-07-25 21:24:01 [[32minfo[39m]: [32mServer is running on port 8001[39m 
2026-07-25 21:24:01 [[32minfo[39m]: [32mConnected to mongoDB...[39m 
2026-07-25 21:24:13 [[32minfo[39m]: [32mServer is running on port 8001[39m 
2026-07-25 21:24:13 [[32minfo[39m]: [32mConnected to mongoDB...[39m 
2026-07-25 21:24:15 [[32minfo[39m]: [32mServer is running on port 8001[39m 
2026-07-25 21:24:15 [[32minfo[39m]: [32mConnected to mongoDB...[39m 
2026-07-25 21:28:01 [[32minfo[39m]: [32mServer is running on port 8001[39m 
2026-07-25 21:28:01 [[32minfo[39m]: [32mConnected to mongoDB...[39m 
2026-07-25 21:29:01 [[32minfo[39m]: [32mServer is running on port 8001[39m 
2026-07-25 21:29:01 [[32minfo[39m]: [32mConnected to mongoDB...[39m 
2026-07-25 21:29:39 [[32minfo[39m]: [32mServer is running on port 8001[39m 
2026-07-25 21:29:39 [[32minfo[39m]: [32mConnected to mongoDB...[39m 
2026-07-25 21:30:28 [[32minfo[39m]: [32mServer is running on port 8001[39m 
2026-07-25 21:30:28 [[32minfo[39m]: [32mConnected to mongoDB...[39m 
2026-07-25 21:31:02 [[32minfo[39m]: [32mServer is running on port 8001[39m 
2026-07-25 21:31:02 [[32minfo[39m]: [32mConnected to mongoDB...[39m 
2026-07-25 21:31:25 [[32minfo[39m]: [32mServer is running on port 8001[39m 
2026-07-25 21:31:25 [[32minfo[39m]: [32mConnected to mongoDB...[39m 
2026-07-25 21:34:03 [[32minfo[39m]: [32mServer is running on port 8001[39m 
2026-07-25 21:34:03 [[32minfo[39m]: [32mConnected to mongoDB...[39m 
2026-07-25 21:36:35 [[32minfo[39m]: [32mServer is running on port 8001[39m 
2026-07-25 21:36:35 [[32minfo[39m]: [32mConnected to mongoDB...[39m 
2026-07-25 21:49:45 [[32minfo[39m]: [32mServer is running on port 8001[39m 
2026-07-25 21:49:45 [[32minfo[39m]: [32mConnected to mongoDB...[39m 
2026-07-25 22:10:45 [[32minfo[39m]: [32mServer is running on port 8001[39m 
2026-07-25 22:10:45 [[32minfo[39m]: [32mConnected to mongoDB...[39m 
2026-07-25 22:11:13 [[32minfo[39m]: [32mServer is running on port 8001[39m 
2026-07-25 22:11:13 [[32minfo[39m]: [32mConnected to mongoDB...[39m 
2026-07-25 22:11:32 [[32minfo[39m]: [32mServer is running on port 8001[39m 
2026-07-25 22:11:32 [[32minfo[39m]: [32mConnected to mongoDB...[39m 
2026-07-25 22:13:13 [[32minfo[39m]: [32mServer is running on port 8001[39m 
2026-07-25 22:13:14 [[32minfo[39m]: [32mConnected to mongoDB...[39m 
2026-07-25 22:13:22 [[32minfo[39m]: [32mServer is running on port 8001[39m 
2026-07-25 22:13:22 [[32minfo[39m]: [32mConnected to mongoDB...[39m 
2026-07-25 22:13:48 [[32minfo[39m]: [32mServer is running on port 8001[39m 
2026-07-25 22:13:48 [[32minfo[39m]: [32mConnected to mongoDB...[39m 
2026-07-25 22:23:34 [[32minfo[39m]: [32mServer is running on port 8001[39m 
2026-07-25 22:23:34 [[32minfo[39m]: [32mConnected to mongoDB...[39m 
2026-07-25 22:24:30 [[32minfo[39m]: [32mServer is running on port 8001[39m 
2026-07-25 22:24:30 [[32minfo[39m]: [32mConnected to mongoDB...[39m 
2026-07-25 22:26:11 [[32minfo[39m]: [32mServer is running on port 8001[39m 
2026-07-25 22:26:11 [[32minfo[39m]: [32mConnected to mongoDB...[39m 
2026-07-25 22:26:57 [[32minfo[39m]: [32mServer is running on port 8001[39m 
2026-07-25 22:26:57 [[32minfo[39m]: [32mConnected to mongoDB...[39m 
2026-07-25 22:34:35 [[32minfo[39m]: [32mServer is running on port 8001[39m 
2026-07-25 22:34:35 [[32minfo[39m]: [32mConnected to mongoDB...[39m 
2026-07-25 22:35:38 [[32minfo[39m]: [32mServer is running on port 8001[39m 
2026-07-25 22:35:38 [[32minfo[39m]: [32mConnected to mongoDB...[39m 
2026-07-25 22:38:08 [[32minfo[39m]: [32mServer is running on port 8001[39m 
2026-07-25 22:38:08 [[32minfo[39m]: [32mConnected to mongoDB...[39m 
2026-07-25 22:43:06 [[32minfo[39m]: [32mServer is running on port 8001[39m 
2026-07-25 22:43:06 [[32minfo[39m]: [32mConnected to mongoDB...[39m 
2026-07-25 22:44:11 [[32minfo[39m]: [32mServer is running on port 8001[39m 
2026-07-25 22:44:11 [[32minfo[39m]: [32mConnected to mongoDB...[39m 
2026-07-25 22:48:16 [[32minfo[39m]: [32mServer is running on port 8001[39m 
2026-07-25 22:48:16 [[32minfo[39m]: [32mConnected to mongoDB...[39m 
2026-07-25 22:49:51 [[32minfo[39m]: [32mServer is running on port 8001[39m 
2026-07-25 22:49:51 [[32minfo[39m]: [32mConnected to mongoDB...[39m 
2026-07-25 22:53:10 [[32minfo[39m]: [32mServer is running on port 8001[39m 
2026-07-25 22:53:10 [[32minfo[39m]: [32mConnected to mongoDB...[39m 
2026-07-25 22:54:30 [[32minfo[39m]: [32mServer is running on port 8001[39m 
2026-07-25 22:54:30 [[32minfo[39m]: [32mConnected to mongoDB...[39m 
2026-07-26 00:57:48 [[32minfo[39m]: [32mServer is running on port 8001[39m 
2026-07-26 00:57:48 [[32minfo[39m]: [32mConnected to mongoDB...[39m 
2026-07-26 01:12:25 [[32minfo[39m]: [32mServer is running on port 8001[39m 
2026-07-26 01:12:25 [[32minfo[39m]: [32mConnected to mongoDB...[39m 
2026-07-26 01:17:24 [[32minfo[39m]: [32mServer is running on port 8001[39m 
2026-07-26 01:17:24 [[32minfo[39m]: [32mConnected to mongoDB...[39m 
2026-07-26 01:18:56 [[32minfo[39m]: [32mServer is running on port 8001[39m 
2026-07-26 01:18:56 [[32minfo[39m]: [32mConnected to mongoDB...[39m 
2026-07-26 01:20:15 [[32minfo[39m]: [32mServer is running on port 8001[39m 
2026-07-26 01:20:15 [[32minfo[39m]: [32mConnected to mongoDB...[39m 
2026-07-26 01:21:11 [[32minfo[39m]: [32mServer is running on port 8001[39m 
2026-07-26 01:21:11 [[32minfo[39m]: [32mConnected to mongoDB...[39m 
2026-07-26 01:23:37 [[32minfo[39m]: [32mServer is running on port 8001[39m 
2026-07-26 01:23:37 [[32minfo[39m]: [32mConnected to mongoDB...[39m 
2026-07-26 01:23:43 [[32minfo[39m]: [32mServer is running on port 8001[39m 
2026-07-26 01:23:43 [[32minfo[39m]: [32mConnected to mongoDB...[39m 
2026-07-26 01:24:25 [[32minfo[39m]: [32mServer is running on port 8001[39m 
2026-07-26 01:24:25 [[32minfo[39m]: [32mConnected to mongoDB...[39m 
2026-07-26 01:26:05 [[32minfo[39m]: [32mServer is running on port 8001[39m 
2026-07-26 01:26:05 [[32minfo[39m]: [32mConnected to mongoDB...[39m 
2026-07-26 01:27:20 [[32minfo[39m]: [32mServer is running on port 8001[39m 
2026-07-26 01:27:20 [[32minfo[39m]: [32mConnected to mongoDB...[39m 
2026-07-26 01:27:34 [[32minfo[39m]: [32mServer is running on port 8001[39m 
2026-07-26 01:27:34 [[32minfo[39m]: [32mConnected to mongoDB...[39m 
2026-07-26 01:27:39 [[32minfo[39m]: [32mServer is running on port 8001[39m 
2026-07-26 01:27:39 [[32minfo[39m]: [32mConnected to mongoDB...[39m 
2026-07-26 01:28:12 [[32minfo[39m]: [32mServer is running on port 8001[39m 
2026-07-26 01:28:13 [[32minfo[39m]: [32mConnected to mongoDB...[39m 
2026-07-26 01:32:53 [[32minfo[39m]: [32mServer is running on port 8001[39m 
2026-07-26 01:32:53 [[32minfo[39m]: [32mConnected to mongoDB...[39m 
2026-07-26 01:34:12 [[32minfo[39m]: [32mServer is running on port 8001[39m 
2026-07-26 01:34:12 [[32minfo[39m]: [32mConnected to mongoDB...[39m 
2026-07-26 01:34:41 [[32minfo[39m]: [32mServer is running on port 8001[39m 
2026-07-26 01:34:41 [[32minfo[39m]: [32mConnected to mongoDB...[39m 
2026-07-26 01:35:48 [[32minfo[39m]: [32mServer is running on port 8001[39m 
2026-07-26 01:35:48 [[32minfo[39m]: [32mConnected to mongoDB...[39m 
2026-07-26 01:46:27 [[32minfo[39m]: [32mServer is running on port 8001[39m 
2026-07-26 01:46:27 [[32minfo[39m]: [32mConnected to mongoDB...[39m 
2026-07-26 01:46:50 [[32minfo[39m]: [32mServer is running on port 8001[39m 
2026-07-26 01:46:51 [[32minfo[39m]: [32mConnected to mongoDB...[39m 
2026-07-26 01:53:30 [[32minfo[39m]: [32mServer is running on port 8001[39m 
2026-07-26 01:53:30 [[32minfo[39m]: [32mConnected to mongoDB...[39m 
2026-07-26 01:54:08 [[32minfo[39m]: [32mServer is running on port 8001[39m 
2026-07-26 01:54:08 [[32minfo[39m]: [32mConnected to mongoDB...[39m 
2026-07-26 01:54:23 [[32minfo[39m]: [32mServer is running on port 8001[39m 
2026-07-26 01:54:23 [[32minfo[39m]: [32mConnected to mongoDB...[39m 
2026-07-26 01:55:32 [[32minfo[39m]: [32mServer is running on port 8001[39m 
2026-07-26 01:55:33 [[32minfo[39m]: [32mConnected to mongoDB...[39m 
2026-07-26 01:56:00 [[32minfo[39m]: [32mServer is running on port 8001[39m 
2026-07-26 01:56:00 [[32minfo[39m]: [32mConnected to mongoDB...[39m 
2026-07-26 02:01:00 [[32minfo[39m]: [32mServer is running on port 8001[39m 
2026-07-26 02:01:00 [[32minfo[39m]: [32mConnected to mongoDB...[39m 
2026-07-26 02:01:19 [[32minfo[39m]: [32mServer is running on port 8001[39m 
2026-07-26 02:01:19 [[32minfo[39m]: [32mConnected to mongoDB...[39m 
2026-07-26 02:01:43 [[32minfo[39m]: [32mServer is running on port 8001[39m 
2026-07-26 02:01:43 [[32minfo[39m]: [32mConnected to mongoDB...[39m 
2026-07-26 02:01:50 [[32minfo[39m]: [32mServer is running on port 8001[39m 
2026-07-26 02:01:50 [[32minfo[39m]: [32mConnected to mongoDB...[39m 
2026-07-26 02:01:56 [[32minfo[39m]: [32mServer is running on port 8001[39m 
2026-07-26 02:01:56 [[32minfo[39m]: [32mConnected to mongoDB...[39m 
2026-07-26 02:05:34 [[32minfo[39m]: [32mServer is running on port 8001[39m 
2026-07-26 02:05:34 [[32minfo[39m]: [32mConnected to mongoDB...[39m 
2026-07-26 02:05:40 [[32minfo[39m]: [32mServer is running on port 8001[39m 
2026-07-26 02:05:40 [[32minfo[39m]: [32mConnected to mongoDB...[39m 
2026-07-26 02:06:25 [[32minfo[39m]: [32mServer is running on port 8001[39m 
2026-07-26 02:06:25 [[32minfo[39m]: [32mConnected to mongoDB...[39m 
2026-07-26 02:06:27 [[32minfo[39m]: [32mServer is running on port 8001[39m 
2026-07-26 02:06:27 [[32minfo[39m]: [32mConnected to mongoDB...[39m 
2026-07-26 02:08:44 [[32minfo[39m]: [32mServer is running on port 8001[39m 
2026-07-26 02:08:44 [[32minfo[39m]: [32mConnected to mongoDB...[39m 
2026-07-26 02:09:00 [[32minfo[39m]: [32mServer is running on port 8001[39m 
2026-07-26 02:09:00 [[32minfo[39m]: [32mConnected to mongoDB...[39m 
2026-07-26 02:10:01 [[32minfo[39m]: [32mServer is running on port 8001[39m 
2026-07-26 02:10:01 [[32minfo[39m]: [32mConnected to mongoDB...[39m 
2026-07-26 02:10:41 [[32minfo[39m]: [32mServer is running on port 8001[39m 
2026-07-26 02:10:41 [[32minfo[39m]: [32mConnected to mongoDB...[39m 
2026-07-26 02:11:31 [[32minfo[39m]: [32mServer is running on port 8001[39m 
2026-07-26 02:11:31 [[32minfo[39m]: [32mConnected to mongoDB...[39m 
2026-07-26 02:47:48 [[32minfo[39m]: [32mServer is running on port 8001[39m 
2026-07-26 02:47:48 [[32minfo[39m]: [32mConnected to mongoDB...[39m 
2026-07-26 02:49:50 [[32minfo[39m]: [32mServer is running on port 8001[39m 
2026-07-26 02:49:50 [[32minfo[39m]: [32mConnected to mongoDB...[39m 
2026-07-26 04:06:12 [[32minfo[39m]: [32mServer is running on port 8001[39m 
2026-07-26 04:06:12 [[32minfo[39m]: [32mConnected to mongoDB...[39m 
2026-07-26 04:07:09 [[32minfo[39m]: [32mServer is running on port 8001[39m 
2026-07-26 04:07:09 [[32minfo[39m]: [32mConnected to mongoDB...[39m 
2026-07-26 04:09:06 [[32minfo[39m]: [32mServer is running on port 8001[39m 
2026-07-26 04:09:06 [[32minfo[39m]: [32mConnected to mongoDB...[39m 
2026-07-26 04:15:47 [[32minfo[39m]: [32mServer is running on port 8001[39m 
2026-07-26 04:15:47 [[32minfo[39m]: [32mConnected to mongoDB...[39m 
2026-07-26 04:20:46 [[32minfo[39m]: [32mServer is running on port 8001[39m 
2026-07-26 04:20:46 [[32minfo[39m]: [32mConnected to mongoDB...[39m 
2026-07-26 04:21:16 [[32minfo[39m]: [32mServer is running on port 8001[39m 
2026-07-26 04:21:16 [[32minfo[39m]: [32mConnected to mongoDB...[39m 
2026-07-26 04:34:00 [[32minfo[39m]: [32mServer is running on port 8001[39m 
2026-07-26 04:34:00 [[32minfo[39m]: [32mConnected to mongoDB...[39m 
2026-07-26 04:35:17 [[32minfo[39m]: [32mServer is running on port 8001[39m 
2026-07-26 04:35:17 [[32minfo[39m]: [32mConnected to mongoDB...[39m 
2026-07-26 04:48:03 [[32minfo[39m]: [32mServer is running on port 8001[39m 
2026-07-26 04:48:03 [[32minfo[39m]: [32mConnected to mongoDB...[39m 
2026-07-26 04:50:37 [[32minfo[39m]: [32mServer is running on port 8001[39m 
2026-07-26 04:50:37 [[32minfo[39m]: [32mConnected to mongoDB...[39m 
2026-07-26 04:58:50 [[32minfo[39m]: [32mServer is running on port 8001[39m 
2026-07-26 04:58:50 [[32minfo[39m]: [32mConnected to mongoDB...[39m 
2026-07-26 04:59:43 [[32minfo[39m]: [32mServer is running on port 8001[39m 
2026-07-26 04:59:43 [[32minfo[39m]: [32mConnected to mongoDB...[39m 
2026-07-26 05:00:22 [[32minfo[39m]: [32mServer is running on port 8001[39m 
2026-07-26 05:00:22 [[32minfo[39m]: [32mConnected to mongoDB...[39m 
2026-07-26 05:01:29 [[32minfo[39m]: [32mServer is running on port 8001[39m 
2026-07-26 05:01:29 [[32minfo[39m]: [32mConnected to mongoDB...[39m 
2026-07-26 05:01:48 [[32minfo[39m]: [32mServer is running on port 8001[39m 
2026-07-26 05:01:48 [[32minfo[39m]: [32mConnected to mongoDB...[39m 
2026-07-26 05:01:54 [[32minfo[39m]: [32mServer is running on port 8001[39m 
2026-07-26 05:01:54 [[32minfo[39m]: [32mConnected to mongoDB...[39m 
2026-07-26 05:02:42 [[32minfo[39m]: [32mServer is running on port 8001[39m 
2026-07-26 05:02:42 [[32minfo[39m]: [32mConnected to mongoDB...[39m 
2026-07-26 05:04:40 [[32minfo[39m]: [32mServer is running on port 8001[39m 
2026-07-26 05:04:40 [[32minfo[39m]: [32mConnected to mongoDB...[39m 
2026-07-26 05:33:11 [[32minfo[39m]: [32mServer is running on port 8001[39m 
2026-07-26 05:33:11 [[32minfo[39m]: [32mConnected to mongoDB...[39m 
2026-07-26 05:33:25 [[32minfo[39m]: [32mServer is running on port 8001[39m 
2026-07-26 05:33:25 [[32minfo[39m]: [32mConnected to mongoDB...[39m 
2026-07-26 05:33:44 [[32minfo[39m]: [32mServer is running on port 8001[39m 
2026-07-26 05:33:44 [[32minfo[39m]: [32mConnected to mongoDB...[39m 
2026-07-26 05:58:39 [[32minfo[39m]: [32mServer is running on port 8001[39m 
2026-07-26 05:58:39 [[32minfo[39m]: [32mConnected to mongoDB...[39m 
2026-07-26 06:05:45 [[32minfo[39m]: [32mServer is running on port 8001[39m 
2026-07-26 06:05:45 [[32minfo[39m]: [32mConnected to mongoDB...[39m 
2026-07-26 06:06:12 [[32minfo[39m]: [32mServer is running on port 8001[39m 
2026-07-26 06:06:12 [[32minfo[39m]: [32mConnected to mongoDB...[39m 
2026-07-26 06:07:10 [[32minfo[39m]: [32mServer is running on port 8001[39m 
2026-07-26 06:07:10 [[32minfo[39m]: [32mConnected to mongoDB...[39m 
2026-07-26 06:14:48 [[32minfo[39m]: [32mServer is running on port 8001[39m 
2026-07-26 06:14:48 [[32minfo[39m]: [32mConnected to mongoDB...[39m 
2026-07-26 06:15:38 [[32minfo[39m]: [32mServer is running on port 8001[39m 
2026-07-26 06:15:38 [[32minfo[39m]: [32mConnected to mongoDB...[39m 
2026-07-26 06:16:45 [[32minfo[39m]: [32mServer is running on port 8001[39m 
2026-07-26 06:16:45 [[32minfo[39m]: [32mConnected to mongoDB...[39m 
2026-07-26 06:17:17 [[32minfo[39m]: [32mServer is running on port 8001[39m 
2026-07-26 06:17:17 [[32minfo[39m]: [32mConnected to mongoDB...[39m 
2026-07-26 06:18:03 [[32minfo[39m]: [32mServer is running on port 8001[39m 
2026-07-26 06:18:03 [[32minfo[39m]: [32mConnected to mongoDB...[39m 
2026-07-26 06:18:04 [[32minfo[39m]: [32mIP: ::ffff:127.0.0.1, Geo: null[39m 
2026-07-26 06:18:04 [[32minfo[39m]: [32mIP: ::ffff:127.0.0.1, Geo: null[39m 
2026-07-26 06:18:05 [[32minfo[39m]: [32mIP: ::ffff:127.0.0.1, Geo: null[39m 
2026-07-26 06:18:31 [[32minfo[39m]: [32mServer is running on port 8001[39m 
2026-07-26 06:18:31 [[32minfo[39m]: [32mConnected to mongoDB...[39m 
2026-07-26 06:18:33 [[32minfo[39m]: [32mIP: ::ffff:127.0.0.1, Geo: {"range":[134744064,134744575],"country":"US","region":"","eu":"0","timezone":"America/Chicago","city":"","ll":[37.751,-97.822],"metro":0,"area":1000}[39m 
2026-07-26 06:19:07 [[32minfo[39m]: [32mServer is running on port 8001[39m 
2026-07-26 06:19:07 [[32minfo[39m]: [32mConnected to mongoDB...[39m 
2026-07-26 06:19:46 [[32minfo[39m]: [32mServer is running on port 8001[39m 
2026-07-26 06:19:46 [[32minfo[39m]: [32mConnected to mongoDB...[39m 
2026-07-26 06:20:09 [[32minfo[39m]: [32mServer is running on port 8001[39m 
2026-07-26 06:20:09 [[32minfo[39m]: [32mConnected to mongoDB...[39m 
2026-07-26 08:34:21 [[32minfo[39m]: [32mServer is running on port 8001[39m 
2026-07-26 08:34:21 [[32minfo[39m]: [32mConnected to mongoDB...[39m 
2026-07-26 08:34:58 [[32minfo[39m]: [32mServer is running on port 8001[39m 
2026-07-26 08:34:58 [[32minfo[39m]: [32mConnected to mongoDB...[39m 
2026-07-26 09:54:07 [[32minfo[39m]: [32mServer is running on port 8001[39m 
2026-07-26 09:54:07 [[32minfo[39m]: [32mConnected to mongoDB...[39m 
2026-07-26 10:03:48 [[32minfo[39m]: [32mServer is running on port 8001[39m 
2026-07-26 10:03:48 [[32minfo[39m]: [32mConnected to mongoDB...[39m 
2026-07-26 20:51:16 [[32minfo[39m]: [32mServer is running on port 8001[39m 
2026-07-26 20:51:16 [[32minfo[39m]: [32mConnected to mongoDB...[39m 
2026-07-26 20:53:26 [[32minfo[39m]: [32mServer is running on port 8001[39m 
2026-07-26 20:53:26 [[32minfo[39m]: [32mConnected to mongoDB...[39m 
2026-07-26 20:54:03 [[32minfo[39m]: [32mServer is running on port 8001[39m 
2026-07-26 20:54:03 [[32minfo[39m]: [32mConnected to mongoDB...[39m 
2026-07-26 20:54:22 [[32minfo[39m]: [32mServer is running on port 8001[39m 
2026-07-26 20:54:22 [[32minfo[39m]: [32mConnected to mongoDB...[39m 
2026-07-26 20:55:35 [[32minfo[39m]: [32mServer is running on port 8001[39m 
2026-07-26 20:55:35 [[32minfo[39m]: [32mConnected to mongoDB...[39m 
2026-07-26 20:56:22 [[32minfo[39m]: [32mServer is running on port 8001[39m 
2026-07-26 20:56:22 [[32minfo[39m]: [32mConnected to mongoDB...[39m 
2026-07-26 20:59:30 [[32minfo[39m]: [32mServer is running on port 8001[39m 
2026-07-26 20:59:30 [[32minfo[39m]: [32mConnected to mongoDB...[39m 
2026-07-26 21:00:27 [[32minfo[39m]: [32mServer is running on port 8001[39m 
2026-07-26 21:00:27 [[32minfo[39m]: [32mConnected to mongoDB...[39m 
2026-07-26 21:00:31 [[32minfo[39m]: [32mServer is running on port 8001[39m 
2026-07-26 21:00:31 [[32minfo[39m]: [32mConnected to mongoDB...[39m 
2026-07-26 21:03:12 [[32minfo[39m]: [32mServer is running on port 8001[39m 
2026-07-26 21:03:12 [[32minfo[39m]: [32mConnected to mongoDB...[39m 
2026-07-26 21:03:22 [[32minfo[39m]: [32mServer is running on port 8001[39m 
2026-07-26 21:03:22 [[32minfo[39m]: [32mConnected to mongoDB...[39m 
2026-07-26 21:05:16 [[32minfo[39m]: [32mServer is running on port 8001[39m 
2026-07-26 21:05:16 [[32minfo[39m]: [32mConnected to mongoDB...[39m 
2026-07-26 21:09:28 [[32minfo[39m]: [32mServer is running on port 8001[39m 
2026-07-26 21:09:28 [[32minfo[39m]: [32mConnected to mongoDB...[39m 
2026-07-26 21:10:26 [[32minfo[39m]: [32mServer is running on port 8001[39m 
2026-07-26 21:10:26 [[32minfo[39m]: [32mConnected to mongoDB...[39m 
2026-07-26 21:11:57 [[32minfo[39m]: [32mServer is running on port 8001[39m 
2026-07-26 21:11:57 [[32minfo[39m]: [32mConnected to mongoDB...[39m 
2026-07-26 21:22:56 [[32minfo[39m]: [32mServer is running on port 8001[39m 
2026-07-26 21:22:56 [[32minfo[39m]: [32mConnected to mongoDB...[39m 
2026-07-26 21:31:55 [[32minfo[39m]: [32mServer is running on port 8001[39m 
2026-07-26 21:31:55 [[32minfo[39m]: [32mConnected to mongoDB...[39m 
2026-07-26 21:35:10 [[32minfo[39m]: [32mServer is running on port 8001[39m 
2026-07-26 21:35:10 [[32minfo[39m]: [32mConnected to mongoDB...[39m 
2026-07-27 00:35:02 [[32minfo[39m]: [32mServer is running on port 8001[39m 
2026-07-27 00:35:02 [[32minfo[39m]: [32mConnected to mongoDB...[39m 
2026-07-27 00:36:00 [[32minfo[39m]: [32mServer is running on port 8001[39m 
2026-07-27 00:36:00 [[32minfo[39m]: [32mConnected to mongoDB...[39m 
2026-07-27 00:37:07 [[32minfo[39m]: [32mServer is running on port 8001[39m 
2026-07-27 00:37:07 [[32minfo[39m]: [32mConnected to mongoDB...[39m 
2026-07-27 00:38:08 [[32minfo[39m]: [32mServer is running on port 8001[39m 
2026-07-27 00:38:08 [[32minfo[39m]: [32mConnected to mongoDB...[39m 
2026-07-27 00:38:35 [[32minfo[39m]: [32mServer is running on port 8001[39m 
2026-07-27 00:38:35 [[32minfo[39m]: [32mConnected to mongoDB...[39m 
2026-07-27 00:39:23 [[32minfo[39m]: [32mServer is running on port 8001[39m 
2026-07-27 00:39:23 [[32minfo[39m]: [32mConnected to mongoDB...[39m 
2026-07-27 00:39:36 [[32minfo[39m]: [32mServer is running on port 8001[39m 
2026-07-27 00:39:36 [[32minfo[39m]: [32mConnected to mongoDB...[39m 
2026-07-27 00:49:47 [[32minfo[39m]: [32mServer is running on port 8001[39m 
2026-07-27 00:49:47 [[32minfo[39m]: [32mConnected to mongoDB...[39m 
2026-07-27 00:51:27 [[32minfo[39m]: [32mServer is running on port 8001[39m 
2026-07-27 00:51:27 [[32minfo[39m]: [32mConnected to mongoDB...[39m 
2026-07-27 00:51:41 [[32minfo[39m]: [32mServer is running on port 8001[39m 
2026-07-27 00:51:41 [[32minfo[39m]: [32mConnected to mongoDB...[39m 
2026-07-27 00:53:55 [[32minfo[39m]: [32mServer is running on port 8001[39m 
2026-07-27 00:53:55 [[32minfo[39m]: [32mConnected to mongoDB...[39m 
2026-07-27 01:04:11 [[32minfo[39m]: [32mServer is running on port 8001[39m 
2026-07-27 01:04:11 [[32minfo[39m]: [32mConnected to mongoDB...[39m 
2026-07-27 01:04:28 [[32minfo[39m]: [32mServer is running on port 8001[39m 
2026-07-27 01:04:28 [[32minfo[39m]: [32mConnected to mongoDB...[39m 
2026-07-27 01:04:40 [[32minfo[39m]: [32mServer is running on port 8001[39m 
2026-07-27 01:04:40 [[32minfo[39m]: [32mConnected to mongoDB...[39m 
2026-07-27 01:05:47 [[32minfo[39m]: [32mServer is running on port 8001[39m 
2026-07-27 01:05:48 [[32minfo[39m]: [32mConnected to mongoDB...[39m 
2026-07-27 01:06:44 [[32minfo[39m]: [32mServer is running on port 8001[39m 
2026-07-27 01:06:44 [[32minfo[39m]: [32mConnected to mongoDB...[39m 
2026-07-27 08:00:38 [[32minfo[39m]: [32mServer is running on port 8001[39m 
2026-07-27 08:00:38 [[32minfo[39m]: [32mConnected to mongoDB...[39m 
2026-07-27 13:37:44 [[32minfo[39m]: [32mServer is running on port 8001[39m 
2026-07-27 13:37:44 [[32minfo[39m]: [32mConnected to mongoDB...[39m 
2026-07-27 13:38:23 [[32minfo[39m]: [32mServer is running on port 8001[39m 
2026-07-27 13:38:23 [[32minfo[39m]: [32mConnected to mongoDB...[39m 
2026-07-27 13:41:53 [[32minfo[39m]: [32mServer is running on port 8001[39m 
2026-07-27 13:41:53 [[32minfo[39m]: [32mConnected to mongoDB...[39m 
2026-07-27 13:43:27 [[32minfo[39m]: [32mServer is running on port 8001[39m 
2026-07-27 13:43:27 [[32minfo[39m]: [32mConnected to mongoDB...[39m 
2026-07-27 13:45:19 [[32minfo[39m]: [32mServer is running on port 8001[39m 
2026-07-27 13:45:19 [[32minfo[39m]: [32mConnected to mongoDB...[39m 
2026-07-27 13:46:31 [[32minfo[39m]: [32mServer is running on port 8001[39m 
2026-07-27 13:46:31 [[32minfo[39m]: [32mConnected to mongoDB...[39m 
2026-07-27 13:51:46 [[32minfo[39m]: [32mServer is running on port 8001[39m 
2026-07-27 13:51:47 [[32minfo[39m]: [32mConnected to mongoDB...[39m 
2026-07-27 14:12:31 [[32minfo[39m]: [32mServer is running on port 8001[39m 
2026-07-27 14:12:31 [[32minfo[39m]: [32mConnected to mongoDB...[39m 
2026-07-27 14:13:35 [[32minfo[39m]: [32mServer is running on port 8001[39m 
2026-07-27 14:13:35 [[32minfo[39m]: [32mConnected to mongoDB...[39m 
2026-07-27 14:16:45 [[32minfo[39m]: [32mServer is running on port 8001[39m 
2026-07-27 14:16:45 [[32minfo[39m]: [32mConnected to mongoDB...[39m 
2026-07-27 14:50:52 [[32minfo[39m]: [32mServer is running on port 8001[39m 
2026-07-27 14:50:52 [[32minfo[39m]: [32mConnected to mongoDB...[39m 
2026-07-27 14:55:44 [[32minfo[39m]: [32mServer is running on port 8001[39m 
2026-07-27 14:55:44 [[32minfo[39m]: [32mConnected to mongoDB...[39m 
2026-07-27 14:56:19 [[32minfo[39m]: [32mServer is running on port 8001[39m 
2026-07-27 14:56:19 [[32minfo[39m]: [32mConnected to mongoDB...[39m 
2026-07-27 14:57:05 [[32minfo[39m]: [32mServer is running on port 8001[39m 
2026-07-27 14:57:05 [[32minfo[39m]: [32mConnected to mongoDB...[39m 
2026-07-27 14:57:45 [[32minfo[39m]: [32mServer is running on port 8001[39m 
2026-07-27 14:57:45 [[32minfo[39m]: [32mConnected to mongoDB...[39m 
2026-07-27 14:58:04 [[32minfo[39m]: [32mServer is running on port 8001[39m 
2026-07-27 14:58:04 [[32minfo[39m]: [32mConnected to mongoDB...[39m 
2026-07-27 14:59:59 [[32minfo[39m]: [32mServer is running on port 8001[39m 
2026-07-27 14:59:59 [[32minfo[39m]: [32mConnected to mongoDB...[39m 
2026-07-27 15:00:21 [[32minfo[39m]: [32mServer is running on port 8001[39m 
2026-07-27 15:00:21 [[32minfo[39m]: [32mConnected to mongoDB...[39m 
2026-07-27 15:00:43 [[32minfo[39m]: [32mServer is running on port 8001[39m 
2026-07-27 15:00:43 [[32minfo[39m]: [32mConnected to mongoDB...[39m 
2026-07-27 15:00:50 [[32minfo[39m]: [32mServer is running on port 8001[39m 
2026-07-27 15:00:50 [[32minfo[39m]: [32mConnected to mongoDB...[39m 
2026-07-27 15:01:15 [[32minfo[39m]: [32mServer is running on port 8001[39m 
2026-07-27 15:01:15 [[32minfo[39m]: [32mConnected to mongoDB...[39m 
2026-07-27 15:01:55 [[32minfo[39m]: [32mServer is running on port 8001[39m 
2026-07-27 15:01:55 [[32minfo[39m]: [32mConnected to mongoDB...[39m 
2026-07-27 15:02:11 [[32minfo[39m]: [32mServer is running on port 8001[39m 
2026-07-27 15:02:11 [[32minfo[39m]: [32mConnected to mongoDB...[39m 
2026-07-27 15:03:26 [[32minfo[39m]: [32mServer is running on port 8001[39m 
2026-07-27 15:03:26 [[32minfo[39m]: [32mConnected to mongoDB...[39m 
2026-07-27 15:08:45 [[32minfo[39m]: [32mServer is running on port 8001[39m 
2026-07-27 15:08:45 [[32minfo[39m]: [32mConnected to mongoDB...[39m 
2026-07-27 15:10:19 [[32minfo[39m]: [32mServer is running on port 8001[39m 
2026-07-27 15:10:19 [[32minfo[39m]: [32mConnected to mongoDB...[39m 
2026-07-27 15:16:23 [[32minfo[39m]: [32mServer is running on port 8001[39m 
2026-07-27 15:16:23 [[32minfo[39m]: [32mConnected to mongoDB...[39m 
2026-07-27 15:22:46 [[32minfo[39m]: [32mServer is running on port 8001[39m 
2026-07-27 15:22:46 [[32minfo[39m]: [32mConnected to mongoDB...[39m 
2026-07-27 15:30:26 [[32minfo[39m]: [32mServer is running on port 8001[39m 
2026-07-27 15:30:26 [[32minfo[39m]: [32mConnected to mongoDB...[39m 
2026-07-27 15:32:41 [[32minfo[39m]: [32mServer is running on port 8001[39m 
2026-07-27 15:32:41 [[32minfo[39m]: [32mConnected to mongoDB...[39m 
2026-07-27 15:40:34 [[32minfo[39m]: [32mServer is running on port 8001[39m 
2026-07-27 15:40:34 [[32minfo[39m]: [32mConnected to mongoDB...[39m 
2026-07-27 15:45:28 [[32minfo[39m]: [32mServer is running on port 8001[39m 
2026-07-27 15:45:28 [[32minfo[39m]: [32mConnected to mongoDB...[39m 
2026-07-27 15:48:24 [[32minfo[39m]: [32mServer is running on port 8001[39m 
2026-07-27 15:48:24 [[32minfo[39m]: [32mConnected to mongoDB...[39m 
2026-07-27 15:52:25 [[32minfo[39m]: [32mServer is running on port 8001[39m 
2026-07-27 15:52:25 [[32minfo[39m]: [32mConnected to mongoDB...[39m 
2026-07-27 15:58:26 [[32minfo[39m]: [32mServer is running on port 8001[39m 
2026-07-27 15:58:26 [[32minfo[39m]: [32mConnected to mongoDB...[39m 
2026-07-27 16:00:54 [[32minfo[39m]: [32mServer is running on port 8001[39m 
2026-07-27 16:00:54 [[32minfo[39m]: [32mConnected to mongoDB...[39m 
2026-07-27 16:02:01 [[32minfo[39m]: [32mServer is running on port 8001[39m 
2026-07-27 16:02:01 [[32minfo[39m]: [32mConnected to mongoDB...[39m 
2026-07-27 16:02:44 [[32minfo[39m]: [32mServer is running on port 8001[39m 
2026-07-27 16:02:44 [[32minfo[39m]: [32mConnected to mongoDB...[39m 
2026-07-27 16:05:04 [[32minfo[39m]: [32mServer is running on port 8001[39m 
2026-07-27 16:05:04 [[32minfo[39m]: [32mConnected to mongoDB...[39m 
2026-07-27 16:06:02 [[32minfo[39m]: [32mServer is running on port 8001[39m 
2026-07-27 16:06:02 [[32minfo[39m]: [32mConnected to mongoDB...[39m 
2026-07-27 16:06:45 [[32minfo[39m]: [32mServer is running on port 8001[39m 
2026-07-27 16:06:45 [[32minfo[39m]: [32mConnected to mongoDB...[39m 
2026-07-27 16:10:12 [[32minfo[39m]: [32mServer is running on port 8001[39m 
2026-07-27 16:10:12 [[32minfo[39m]: [32mConnected to mongoDB...[39m 
2026-07-27 16:12:01 [[32minfo[39m]: [32mServer is running on port 8001[39m 
2026-07-27 16:12:01 [[32minfo[39m]: [32mConnected to mongoDB...[39m 
2026-07-27 16:14:32 [[32minfo[39m]: [32mServer is running on port 8001[39m 
2026-07-27 16:14:32 [[32minfo[39m]: [32mConnected to mongoDB...[39m 
2026-07-27 16:18:19 [[32minfo[39m]: [32mServer is running on port 8001[39m 
2026-07-27 16:18:20 [[32minfo[39m]: [32mConnected to mongoDB...[39m 
2026-07-27 16:19:10 [[32minfo[39m]: [32mServer is running on port 8001[39m 
2026-07-27 16:19:10 [[32minfo[39m]: [32mConnected to mongoDB...[39m 
2026-07-27 16:45:18 [[32minfo[39m]: [32mServer is running on port 8001[39m 
2026-07-27 16:45:18 [[32minfo[39m]: [32mConnected to mongoDB...[39m 
2026-07-27 16:50:39 [[32minfo[39m]: [32mServer is running on port 8001[39m 
2026-07-27 16:50:39 [[32minfo[39m]: [32mConnected to mongoDB...[39m 
2026-07-27 17:22:27 [[32minfo[39m]: [32mServer is running on port 8001[39m 
2026-07-27 17:22:27 [[32minfo[39m]: [32mConnected to mongoDB...[39m 
2026-07-27 17:27:03 [[32minfo[39m]: [32mServer is running on port 8001[39m 
2026-07-27 17:27:03 [[32minfo[39m]: [32mConnected to mongoDB...[39m 
2026-07-27 17:27:52 [[32minfo[39m]: [32mServer is running on port 8001[39m 
2026-07-27 17:27:52 [[32minfo[39m]: [32mConnected to mongoDB...[39m 
2026-07-27 17:33:20 [[32minfo[39m]: [32mServer is running on port 8001[39m 
2026-07-27 17:33:20 [[32minfo[39m]: [32mConnected to mongoDB...[39m 
2026-07-27 17:33:39 [[32minfo[39m]: [32mServer is running on port 8001[39m 
2026-07-27 17:33:39 [[32minfo[39m]: [32mConnected to mongoDB...[39m 
2026-07-27 17:35:52 [[32minfo[39m]: [32mServer is running on port 8001[39m 
2026-07-27 17:35:52 [[32minfo[39m]: [32mConnected to mongoDB...[39m 
2026-07-27 17:36:04 [[32minfo[39m]: [32mServer is running on port 8001[39m 
2026-07-27 17:36:05 [[32minfo[39m]: [32mConnected to mongoDB...[39m 
2026-07-27 17:38:35 [[32minfo[39m]: [32mServer is running on port 8001[39m 
2026-07-27 17:38:35 [[32minfo[39m]: [32mConnected to mongoDB...[39m 
2026-07-27 17:45:01 [[32minfo[39m]: [32mServer is running on port 8001[39m 
2026-07-27 17:45:01 [[32minfo[39m]: [32mConnected to mongoDB...[39m 
2026-07-27 17:45:34 [[32minfo[39m]: [32mServer is running on port 8001[39m 
2026-07-27 17:45:34 [[32minfo[39m]: [32mConnected to mongoDB...[39m 
2026-07-27 17:46:00 [[32minfo[39m]: [32mServer is running on port 8001[39m 
2026-07-27 17:46:00 [[32minfo[39m]: [32mConnected to mongoDB...[39m 
2026-07-27 17:46:06 [[32minfo[39m]: [32mServer is running on port 8001[39m 
2026-07-27 17:46:06 [[32minfo[39m]: [32mConnected to mongoDB...[39m 
2026-07-27 17:47:05 [[32minfo[39m]: [32mServer is running on port 8001[39m 
2026-07-27 17:47:05 [[32minfo[39m]: [32mConnected to mongoDB...[39m 
2026-07-27 17:47:29 [[32minfo[39m]: [32mServer is running on port 8001[39m 
2026-07-27 17:47:29 [[32minfo[39m]: [32mConnected to mongoDB...[39m 
2026-07-27 17:47:37 [[32minfo[39m]: [32mServer is running on port 8001[39m 
2026-07-27 17:47:37 [[32minfo[39m]: [32mConnected to mongoDB...[39m 
2026-07-27 17:47:58 [[32minfo[39m]: [32mServer is running on port 8001[39m 
2026-07-27 17:47:58 [[32minfo[39m]: [32mConnected to mongoDB...[39m 
2026-07-27 17:48:04 [[32minfo[39m]: [32mServer is running on port 8001[39m 
2026-07-27 17:48:04 [[32minfo[39m]: [32mConnected to mongoDB...[39m 
2026-07-27 17:48:21 [[32minfo[39m]: [32mServer is running on port 8001[39m 
2026-07-27 17:48:22 [[32minfo[39m]: [32mConnected to mongoDB...[39m 
2026-07-27 17:48:37 [[32minfo[39m]: [32mServer is running on port 8001[39m 
2026-07-27 17:48:37 [[32minfo[39m]: [32mConnected to mongoDB...[39m 
2026-07-27 17:48:52 [[32minfo[39m]: [32mServer is running on port 8001[39m 
2026-07-27 17:48:52 [[32minfo[39m]: [32mConnected to mongoDB...[39m 
2026-07-27 17:48:59 [[32minfo[39m]: [32mServer is running on port 8001[39m 
2026-07-27 17:48:59 [[32minfo[39m]: [32mConnected to mongoDB...[39m 
2026-07-27 17:49:24 [[32minfo[39m]: [32mServer is running on port 8001[39m 
2026-07-27 17:49:24 [[32minfo[39m]: [32mConnected to mongoDB...[39m 
2026-07-27 17:49:32 [[32minfo[39m]: [32mServer is running on port 8001[39m 
2026-07-27 17:49:32 [[32minfo[39m]: [32mConnected to mongoDB...[39m 
2026-07-27 17:49:51 [[32minfo[39m]: [32mServer is running on port 8001[39m 
2026-07-27 17:49:52 [[32minfo[39m]: [32mConnected to mongoDB...[39m 
2026-07-27 17:50:01 [[32minfo[39m]: [32mServer is running on port 8001[39m 
2026-07-27 17:50:01 [[32minfo[39m]: [32mConnected to mongoDB...[39m 
2026-07-27 17:50:20 [[32minfo[39m]: [32mServer is running on port 8001[39m 
2026-07-27 17:50:20 [[32minfo[39m]: [32mConnected to mongoDB...[39m 
2026-07-27 17:50:32 [[32minfo[39m]: [32mServer is running on port 8001[39m 
2026-07-27 17:50:32 [[32minfo[39m]: [32mConnected to mongoDB...[39m 
2026-07-27 17:51:09 [[32minfo[39m]: [32mServer is running on port 8001[39m 
2026-07-27 17:51:09 [[32minfo[39m]: [32mConnected to mongoDB...[39m 
2026-07-27 17:51:16 [[32minfo[39m]: [32mServer is running on port 8001[39m 
2026-07-27 17:51:16 [[32minfo[39m]: [32mConnected to mongoDB...[39m 
2026-07-27 17:51:32 [[32minfo[39m]: [32mServer is running on port 8001[39m 
2026-07-27 17:51:32 [[32minfo[39m]: [32mConnected to mongoDB...[39m 
2026-07-27 17:51:40 [[32minfo[39m]: [32mServer is running on port 8001[39m 
2026-07-27 17:51:40 [[32minfo[39m]: [32mConnected to mongoDB...[39m 
2026-07-27 17:51:59 [[32minfo[39m]: [32mServer is running on port 8001[39m 
2026-07-27 17:51:59 [[32minfo[39m]: [32mConnected to mongoDB...[39m 
2026-07-27 17:52:04 [[32minfo[39m]: [32mServer is running on port 8001[39m 
2026-07-27 17:52:04 [[32minfo[39m]: [32mConnected to mongoDB...[39m 
2026-07-27 17:52:30 [[32minfo[39m]: [32mServer is running on port 8001[39m 
2026-07-27 17:52:30 [[32minfo[39m]: [32mConnected to mongoDB...[39m 
2026-07-27 17:52:38 [[32minfo[39m]: [32mServer is running on port 8001[39m 
2026-07-27 17:52:38 [[32minfo[39m]: [32mConnected to mongoDB...[39m 
2026-07-27 17:52:43 [[32minfo[39m]: [32mServer is running on port 8001[39m 
2026-07-27 17:52:43 [[32minfo[39m]: [32mConnected to mongoDB...[39m 
2026-07-27 17:52:54 [[32minfo[39m]: [32mServer is running on port 8001[39m 
2026-07-27 17:52:54 [[32minfo[39m]: [32mConnected to mongoDB...[39m 
2026-07-27 17:54:00 [[32minfo[39m]: [32mServer is running on port 8001[39m 
2026-07-27 17:54:00 [[32minfo[39m]: [32mConnected to mongoDB...[39m 
2026-07-27 17:54:18 [[32minfo[39m]: [32mServer is running on port 8001[39m 
2026-07-27 17:54:18 [[32minfo[39m]: [32mConnected to mongoDB...[39m 
2026-07-27 17:54:45 [[32minfo[39m]: [32mServer is running on port 8001[39m 
2026-07-27 17:54:45 [[32minfo[39m]: [32mConnected to mongoDB...[39m 
2026-07-27 17:58:53 [[32minfo[39m]: [32mServer is running on port 8001[39m 
2026-07-27 17:58:53 [[32minfo[39m]: [32mConnected to mongoDB...[39m 
2026-07-28 00:44:30 [[32minfo[39m]: [32mServer is running on port 8001[39m 
2026-07-28 00:44:30 [[32minfo[39m]: [32mConnected to mongoDB...[39m 
2026-07-28 00:45:54 [[32minfo[39m]: [32mServer is running on port 8001[39m 
2026-07-28 00:45:54 [[32minfo[39m]: [32mConnected to mongoDB...[39m 
2026-07-28 02:42:17 [[32minfo[39m]: [32mServer is running on port 8001[39m 
2026-07-28 02:42:17 [[32minfo[39m]: [32mConnected to mongoDB...[39m 
2026-07-28 02:43:07 [[32minfo[39m]: [32mServer is running on port 8001[39m 
2026-07-28 02:43:07 [[32minfo[39m]: [32mConnected to mongoDB...[39m 
2026-07-28 02:45:43 [[32minfo[39m]: [32mServer is running on port 8001[39m 
2026-07-28 02:45:43 [[32minfo[39m]: [32mConnected to mongoDB...[39m 
2026-07-28 08:08:13 [[32minfo[39m]: [32mServer is running on port 8001[39m 
2026-07-28 08:08:13 [[32minfo[39m]: [32mConnected to mongoDB...[39m 
2026-07-28 08:09:31 [[32minfo[39m]: [32mServer is running on port 8001[39m 
2026-07-28 08:09:31 [[32minfo[39m]: [32mConnected to mongoDB...[39m 
2026-07-28 08:09:43 [[32minfo[39m]: [32mServer is running on port 8001[39m 
2026-07-28 08:09:43 [[32minfo[39m]: [32mConnected to mongoDB...[39m 
2026-07-28 08:10:31 [[32minfo[39m]: [32mServer is running on port 8001[39m 
2026-07-28 08:10:31 [[32minfo[39m]: [32mConnected to mongoDB...[39m 
2026-07-28 08:12:51 [[32minfo[39m]: [32mServer is running on port 8001[39m 
2026-07-28 08:12:51 [[32minfo[39m]: [32mConnected to mongoDB...[39m 
2026-07-28 09:07:24 [[32minfo[39m]: [32mServer is running on port 8001[39m 
2026-07-28 09:07:24 [[32minfo[39m]: [32mConnected to mongoDB...[39m 
2026-07-28 09:08:12 [[32minfo[39m]: [32mServer is running on port 8001[39m 
2026-07-28 09:08:12 [[32minfo[39m]: [32mConnected to mongoDB...[39m 
2026-07-29 20:16:58 [[32minfo[39m]: [32mServer is running on port 8001[39m 
2026-07-29 20:16:58 [[32minfo[39m]: [32mConnected to mongoDB...[39m 
2026-07-30 03:37:55 [[32minfo[39m]: [32mServer is running on port 8001[39m 
2026-07-30 03:37:55 [[32minfo[39m]: [32mConnected to mongoDB...[39m 
